// Jest Snapshot v1, https://goo.gl/fbAQLP

exports[`EmployeesList should not render if the data are not fetched from the server 1`] = `null`;

exports[`EmployeesList should render if the data are fetched from the server 1`] = `
<section
  className="employee-list"
>
  <div
    className="row"
  >
    <div
      className="container"
    >
      <table
        className="employee-list_table col-12"
      >
        <caption>
          Employee List
        </caption>
        <thead
          className="employee-list_table-heading"
        >
          <tr>
            <th>
              Full Name
            </th>
            <th>
              Role
            </th>
            <th>
              Experience
            </th>
            <th />
          </tr>
        </thead>
        <tbody
          className="employee-list_table-body"
        >
          <Connect(withRouter(EmployeeData))
            employee={
              Object {
                "id": 2,
              }
            }
            id={2}
            key="2"
          />
        </tbody>
      </table>
    </div>
  </div>
</section>
`;
