// Jest Snapshot v1, https://goo.gl/fbAQLP

exports[`EmployeeEditForm should render if the data are fetched from the server 1`] = `
<section
  class="employee-data-form container"
>
  <div
    class="row"
  >
    <form
      action=""
      class="employee-data-form_edit col-12"
      name="employee-data"
    >
      <fieldset>
        <legend>
          editForm.header
        </legend>
        <label
          class="employee-data-form_edit-label"
        >
          editForm.firstname:
          <input
            disabled=""
            placeholder=""
            type="text"
            value=""
          />
        </label>
        <label
          class="employee-data-form_edit-label"
        >
          editForm.lastname:
          <input
            disabled=""
            placeholder=""
            type="text"
            value=""
          />
        </label>
        <label
          class="employee-data-form_edit-label"
        >
          editForm.role:
          <input
            name="role"
            placeholder=""
            type="text"
            value=""
          />
        </label>
        <label
          class="employee-data-form_edit-label"
        >
          editForm.position:
          <input
            name="position"
            placeholder=""
            type="text"
            value=""
          />
        </label>
        <label
          class="employee-data-form_edit-label"
        >
          editForm.experience:
          <input
            name="experience"
            placeholder=""
            type="text"
            value=""
          />
        </label>
        <label
          class="employee-data-form_edit-label"
        >
          editForm.shortdescript:
          <textarea
            class="employee-data-form_edit-description"
            name="shortdescript"
            placeholder=""
            type="text"
          />
        </label>
        <label
          class="employee-data-form_edit-label"
        >
          editForm.longdescript:
          <textarea
            class="employee-data-form_edit-description"
            name="longdescript"
            placeholder=""
            type="text"
          />
        </label>
      </fieldset>
    </form>
    <div
      class="row employee-data-form_buttons"
    >
      <button
        class="btn btn-save"
        type="button"
      >
        editForm.saveButton
      </button>
      <button
        class="btn btn-cancel"
        type="button"
      >
        editForm.cancelButton
      </button>
    </div>
  </div>
  <div
    class="row employee-data-form_alert-message"
    style="display:none;"
  >
    editForm.formAlert
  </div>
  <div
    class="row employee-data-form_alert-message"
    style="display:none;"
  >
    editForm.formExperienceAlert
  </div>
</section>
`;
