// Jest Snapshot v1, https://goo.gl/fbAQLP

exports[`Nav should render header and nav of the page 1`] = `
<header
  className="navigation"
>
  <nav
    className="container"
  >
    <div
      className="row"
    >
      <div
        className="navigation-logo col-6"
      >
        HR 
        <span>
          System
        </span>
         Management
      </div>
      <div
        className="col-6"
      >
        <div
          className="navigation-user"
        >
          Logged as:
          <Provider
            store={
              Object {
                "dispatch": [Function],
                "getState": [Function],
                "replaceReducer": [Function],
                "subscribe": [Function],
              }
            }
          >
            <Connect(UserTypeSelection) />
          </Provider>
        </div>
      </div>
    </div>
  </nav>
</header>
`;
