// Jest Snapshot v1, https://goo.gl/fbAQLP

exports[`Nav should render header and nav of the page 1`] = `
<header
  className="navigation"
>
  <nav
    className="container"
  >
    <div
      className="row"
    >
      <div
        className="navigation-logo col-4"
      >
        HR 
        <span>
          System 
        </span>
        Management
      </div>
      <Translate(LanguageSelection) />
      <div
        className="navigation-user col-6"
      >
        <p>
          loggedUser
          :
        </p>
        <Provider
          store={
            Object {
              "dispatch": [Function],
              "getState": [Function],
              "replaceReducer": [Function],
              "subscribe": [Function],
            }
          }
        >
          <Connect(UserTypeSelection) />
        </Provider>
      </div>
    </div>
  </nav>
</header>
`;
